// Jest Snapshot v1, https://goo.gl/fbAQLP

exports[`AddDialButton component matches snapshot 1`] = `
<Styled(Button)
  icon="add"
  onClick={[Function]}
  tabIndex={1}
  text="Add New"
/>
`;
