// Jest Snapshot v1, https://goo.gl/fbAQLP

exports[`ButtonGroup component matches snapshot 1`] = `<Styled(div) />`;
