// Jest Snapshot v1, https://goo.gl/fbAQLP

exports[`DialList component matches snapshot 1`] = `
<Sortable
  className="css-ikjpvo"
  onChange={[Function]}
  options={
    Object {
      "ghostClass": "css-q7lffx",
      "handle": ".handle",
      "onMove": [Function],
    }
  }
  style={Object {}}
  tag="div"
>
  <Styled(div)
    data-id={1}
    key="1"
  >
    <Styled(div)
      className="handle"
    />
    <Dial
      ariaLabel="Udemy"
      dial={
        Object {
          "container": "123",
          "favicon": "https://www.udemy.com/staticx/udemy/images/v6/favicon-196x196.png",
          "id": 1,
          "siteName": "Udemy",
          "siteUrl": "www.udemy.com",
          "sortIndex": 0,
        }
      }
    />
    <Connect(EditDialButton)
      dial={
        Object {
          "container": "123",
          "favicon": "https://www.udemy.com/staticx/udemy/images/v6/favicon-196x196.png",
          "id": 1,
          "siteName": "Udemy",
          "siteUrl": "www.udemy.com",
          "sortIndex": 0,
        }
      }
      handleShowDialModal={[Function]}
    />
  </Styled(div)>
  <Styled(div)
    data-id={2}
    key="2"
  >
    <Styled(div)
      className="handle"
    />
    <Dial
      ariaLabel="Youtube"
      dial={
        Object {
          "container": "123",
          "favicon": "https://s.ytimg.com/yts/img/favicon_96-vflW9Ec0w.png",
          "id": 2,
          "siteName": "Youtube",
          "siteUrl": "www.youtube.com",
          "sortIndex": 1,
        }
      }
    />
    <Connect(EditDialButton)
      dial={
        Object {
          "container": "123",
          "favicon": "https://s.ytimg.com/yts/img/favicon_96-vflW9Ec0w.png",
          "id": 2,
          "siteName": "Youtube",
          "siteUrl": "www.youtube.com",
          "sortIndex": 1,
        }
      }
      handleShowDialModal={[Function]}
    />
  </Styled(div)>
  <Styled(div)
    data-id={4}
    key="4"
  >
    <Styled(div)
      className="handle"
    />
    <Dial
      ariaLabel="Facebook"
      dial={
        Object {
          "container": "123",
          "favicon": "https://static.xx.fbcdn.net/rsrc.php/yo/r/iRmz9lCMBD2.ico",
          "id": 4,
          "siteName": "Facebook",
          "siteUrl": "www.facebook.com",
          "sortIndex": 2,
        }
      }
    />
    <Connect(EditDialButton)
      dial={
        Object {
          "container": "123",
          "favicon": "https://static.xx.fbcdn.net/rsrc.php/yo/r/iRmz9lCMBD2.ico",
          "id": 4,
          "siteName": "Facebook",
          "siteUrl": "www.facebook.com",
          "sortIndex": 2,
        }
      }
      handleShowDialModal={[Function]}
    />
  </Styled(div)>
  <AddDialButton
    handleShowDialModal={[Function]}
  />
</Sortable>
`;
