// Jest Snapshot v1, https://goo.gl/fbAQLP

exports[`GridList component matches snapshot 1`] = `<Styled(div) />`;
